
============================================================
CATEGORY: CAIS_System
TIMESTAMP: 2026-06-30T03:27:40.195552
============================================================
❌ CAIS INTERACTION.pdf (0 bytes)
   ERROR: File not created
❌ CONSTRUCTION AI SYSTEM.pdf (0 bytes)
   ERROR: File not created
❌ CAIS_WM.pdf (0 bytes)
   ERROR: File not created

SUMMARY: 0/3 files downloaded successfully

============================================================
CATEGORY: CAIS_Plans
TIMESTAMP: 2026-06-30T14:44:40.441095
============================================================
❌ CAIS NEW PLAN.pdf (0 bytes)
   ERROR: Size mismatch: 0 != 4227249
❌ CAIS PLAN (2).pdf (0 bytes)
   ERROR: Size mismatch: 0 != 6741227

SUMMARY: 0/2 files downloaded successfully
